============================================
  BusNovaTech Build Log — 2026-05-31_13-05-48
============================================

[1m[0;36m════════════════════════════════════════[0m
[1m  BusNovaTech Build Script[0m
[1m[0;36m════════════════════════════════════════[0m
[0;36m[INFO][0m  Inicio: 2026-05-31_13-05-48
[0;36m[INFO][0m  Directorio: /c/Users/nykom/Documents/DSA-Shell

[1m[0;36m════════════════════════════════════════[0m
[1m  Pre-flight Checks[0m
[1m[0;36m════════════════════════════════════════[0m

[1m[STEP 1][0m Verificando Java
[0;32m[OK][0m    Java encontrado: java version "24.0.1" 2025-04-15

[1m[STEP 2][0m Verificando Maven
[0;32m[OK][0m    Maven encontrado: WARNING: A restricted method in java.lang.System has been called
[0;36m[INFO][0m  Ruta: /c/Program Files/Apache NetBeans/java/maven/bin/mvn

[1m[STEP 3][0m Verificando pom.xml
[0;32m[OK][0m    pom.xml encontrado

[1m[STEP 4][0m Verificando directorio src/
[0;32m[OK][0m    src/ encontrado (35 archivos .java)

[1m[0;36m════════════════════════════════════════[0m
[1m  Clean[0m
[1m[0;36m════════════════════════════════════════[0m

[1m[STEP 5][0m Limpiando build anterior (mvn clean)
WARNING: A restricted method in java.lang.System has been called
WARNING: java.lang.System::load has been called by org.fusesource.jansi.internal.JansiLoader in an unnamed module (file:/C:/Program%20Files/Apache%20NetBeans/java/maven/lib/jansi-2.4.1.jar)
WARNING: Use --enable-native-access=ALL-UNNAMED to avoid a warning for callers in this module
WARNING: Restricted methods will be blocked in a future release unless native access is enabled

WARNING: A terminally deprecated method in sun.misc.Unsafe has been called
WARNING: sun.misc.Unsafe::objectFieldOffset has been called by com.google.common.util.concurrent.AbstractFuture$UnsafeAtomicHelper (file:/C:/Program%20Files/Apache%20NetBeans/java/maven/lib/guava-33.2.1-jre.jar)
WARNING: Please consider reporting this to the maintainers of class com.google.common.util.concurrent.AbstractFuture$UnsafeAtomicHelper
WARNING: sun.misc.Unsafe::objectFieldOffset will be removed in a future release
[INFO] Scanning for projects...
[INFO] 
[INFO] -----------------< com.mycompany:ProyectoBusNovaTech >------------------
[INFO] Building ProyectoBusNovaTech 1.0-SNAPSHOT
[INFO]   from pom.xml
[INFO] --------------------------------[ jar ]---------------------------------
[INFO] 
[INFO] --- clean:3.2.0:clean (default-clean) @ ProyectoBusNovaTech ---
[INFO] Deleting C:\Users\nykom\Documents\DSA-Shell\target
[INFO] ------------------------------------------------------------------------
[INFO] BUILD SUCCESS
[INFO] ------------------------------------------------------------------------
[INFO] Total time:  0.484 s
[INFO] Finished at: 2026-05-31T13:05:54-06:00
[INFO] ------------------------------------------------------------------------
[0;32m[OK][0m    mvn clean exitoso

[1m[0;36m════════════════════════════════════════[0m
[1m  Compile[0m
[1m[0;36m════════════════════════════════════════[0m

[1m[STEP 6][0m Compilando proyecto (mvn compile)
WARNING: A restricted method in java.lang.System has been called
WARNING: java.lang.System::load has been called by org.fusesource.jansi.internal.JansiLoader in an unnamed module (file:/C:/Program%20Files/Apache%20NetBeans/java/maven/lib/jansi-2.4.1.jar)
WARNING: Use --enable-native-access=ALL-UNNAMED to avoid a warning for callers in this module
WARNING: Restricted methods will be blocked in a future release unless native access is enabled

WARNING: A terminally deprecated method in sun.misc.Unsafe has been called
WARNING: sun.misc.Unsafe::objectFieldOffset has been called by com.google.common.util.concurrent.AbstractFuture$UnsafeAtomicHelper (file:/C:/Program%20Files/Apache%20NetBeans/java/maven/lib/guava-33.2.1-jre.jar)
WARNING: Please consider reporting this to the maintainers of class com.google.common.util.concurrent.AbstractFuture$UnsafeAtomicHelper
WARNING: sun.misc.Unsafe::objectFieldOffset will be removed in a future release
[INFO] Scanning for projects...
[INFO] 
[INFO] -----------------< com.mycompany:ProyectoBusNovaTech >------------------
[INFO] Building ProyectoBusNovaTech 1.0-SNAPSHOT
[INFO]   from pom.xml
[INFO] --------------------------------[ jar ]---------------------------------
[INFO] 
[INFO] --- resources:3.3.1:resources (default-resources) @ ProyectoBusNovaTech ---
[INFO] skip non existing resourceDirectory C:\Users\nykom\Documents\DSA-Shell\src\main\resources
[INFO] 
[INFO] --- compiler:3.13.0:compile (default-compile) @ ProyectoBusNovaTech ---
[INFO] Recompiling the module because of changed source code.
[INFO] Compiling 35 source files with javac [debug release 21] to target\classes
[INFO] /C:/Users/nykom/Documents/DSA-Shell/src/main/java/com/mycompany/proyectoavance1/ConsultaBCCR.java: C:\Users\nykom\Documents\DSA-Shell\src\main\java\com\mycompany\proyectoavance1\ConsultaBCCR.java uses or overrides a deprecated API.
[INFO] /C:/Users/nykom/Documents/DSA-Shell/src/main/java/com/mycompany/proyectoavance1/ConsultaBCCR.java: Recompile with -Xlint:deprecation for details.
[INFO] ------------------------------------------------------------------------
[INFO] BUILD SUCCESS
[INFO] ------------------------------------------------------------------------
[INFO] Total time:  8.346 s
[INFO] Finished at: 2026-05-31T13:06:05-06:00
[INFO] ------------------------------------------------------------------------
[0;32m[OK][0m    Compilación exitosa
[0;36m[INFO][0m  Clases generadas: 45

[1m[0;36m════════════════════════════════════════[0m
[1m  Package[0m
[1m[0;36m════════════════════════════════════════[0m

[1m[STEP 7][0m Empaquetando JAR (mvn package -DskipTests)
WARNING: A restricted method in java.lang.System has been called
WARNING: java.lang.System::load has been called by org.fusesource.jansi.internal.JansiLoader in an unnamed module (file:/C:/Program%20Files/Apache%20NetBeans/java/maven/lib/jansi-2.4.1.jar)
WARNING: Use --enable-native-access=ALL-UNNAMED to avoid a warning for callers in this module
WARNING: Restricted methods will be blocked in a future release unless native access is enabled

WARNING: A terminally deprecated method in sun.misc.Unsafe has been called
WARNING: sun.misc.Unsafe::objectFieldOffset has been called by com.google.common.util.concurrent.AbstractFuture$UnsafeAtomicHelper (file:/C:/Program%20Files/Apache%20NetBeans/java/maven/lib/guava-33.2.1-jre.jar)
WARNING: Please consider reporting this to the maintainers of class com.google.common.util.concurrent.AbstractFuture$UnsafeAtomicHelper
WARNING: sun.misc.Unsafe::objectFieldOffset will be removed in a future release
[INFO] Scanning for projects...
[INFO] 
[INFO] -----------------< com.mycompany:ProyectoBusNovaTech >------------------
[INFO] Building ProyectoBusNovaTech 1.0-SNAPSHOT
[INFO]   from pom.xml
[INFO] --------------------------------[ jar ]---------------------------------
[INFO] 
[INFO] --- resources:3.3.1:resources (default-resources) @ ProyectoBusNovaTech ---
[INFO] skip non existing resourceDirectory C:\Users\nykom\Documents\DSA-Shell\src\main\resources
[INFO] 
[INFO] --- compiler:3.13.0:compile (default-compile) @ ProyectoBusNovaTech ---
[INFO] Nothing to compile - all classes are up to date.
[INFO] 
[INFO] --- resources:3.3.1:testResources (default-testResources) @ ProyectoBusNovaTech ---
[INFO] skip non existing resourceDirectory C:\Users\nykom\Documents\DSA-Shell\src\test\resources
[INFO] 
[INFO] --- compiler:3.13.0:testCompile (default-testCompile) @ ProyectoBusNovaTech ---
[INFO] No sources to compile
[INFO] 
[INFO] --- surefire:3.2.5:test (default-test) @ ProyectoBusNovaTech ---
[INFO] Tests are skipped.
[INFO] 
[INFO] --- jar:3.4.1:jar (default-jar) @ ProyectoBusNovaTech ---
[INFO] Building jar: C:\Users\nykom\Documents\DSA-Shell\target\ProyectoBusNovaTech-1.0-SNAPSHOT.jar
[INFO] ------------------------------------------------------------------------
[INFO] BUILD SUCCESS
[INFO] ------------------------------------------------------------------------
[INFO] Total time:  8.934 s
[INFO] Finished at: 2026-05-31T13:06:18-06:00
[INFO] ------------------------------------------------------------------------
[0;32m[OK][0m    JAR generado
[0;36m[INFO][0m  JAR: target/ProyectoBusNovaTech-1.0-SNAPSHOT.jar (96K)

[1m[0;36m════════════════════════════════════════[0m
[1m  Reporte Final[0m
[1m[0;36m════════════════════════════════════════[0m
